// Jest Snapshot v1, https://goo.gl/fbAQLP

exports[`Header component unit tests. Component should render successfully 1`] = `undefined`;
